// Jest Snapshot v1, https://goo.gl/fbAQLP

exports[`ChartHelper renders correctly 1`] = `
Array [
  <View
    style={
      Object {
        "alignItems": "flex-end",
        "backgroundColor": "#e6e6e6",
        "height": 40,
        "justifyContent": "center",
        "marginBottom": 10,
        "paddingEnd": 20,
      }
    }
  >
    <View
      accessible={true}
      focusable={true}
      onClick={[Function]}
      onResponderGrant={[Function]}
      onResponderMove={[Function]}
      onResponderRelease={[Function]}
      onResponderTerminate={[Function]}
      onResponderTerminationRequest={[Function]}
      onStartShouldSetResponder={[Function]}
      style={
        Object {
          "flexDirection": "row",
          "opacity": 1,
        }
      }
    >
      <Text
        style={
          Object {
            "fontSize": 16,
            "paddingEnd": 5,
          }
        }
      >
        every 1 seconds
         
        <Text
          allowFontScaling={false}
          style={
            Array [
              Object {
                "color": "#774aa4",
                "fontSize": 17,
              },
              undefined,
              Object {
                "fontFamily": "FontAwesome",
                "fontStyle": "normal",
                "fontWeight": "normal",
              },
              Object {},
            ]
          }
        >
          ï€“
        </Text>
         
      </Text>
    </View>
  </View>,
  <Modal
    animationType="none"
    hardwareAccelerated={false}
    onHide={[Function]}
    renderToHardwareTextureAndroid={true}
    transparent={true}
    visible={false}
  >
    <View
      accessible={true}
      focusable={true}
      onClick={[Function]}
      onResponderGrant={[Function]}
      onResponderMove={[Function]}
      onResponderRelease={[Function]}
      onResponderTerminate={[Function]}
      onResponderTerminationRequest={[Function]}
      onStartShouldSetResponder={[Function]}
      style={
        Object {
          "backgroundColor": "black",
          "bottom": 0,
          "left": 0,
          "opacity": 0,
          "position": "absolute",
          "right": 0,
          "top": 0,
        }
      }
    />
  </Modal>,
]
`;
